Read	.target.yast2 "lang2iso.ycp" nil
Read	.target.size "/etc/sysconfig/language" -1
Dump	GetLanguageCountry
Return	AT
Return	AT
Return	DE
Return	
